Archive member included to satisfy reference by file (symbol)

/usr/local/i386elfgcc/lib/gcc/i386-elf/12.2.0/libgcc.a(_udivdi3.o)
                              build/Game.o (__udivdi3)

Discarded input sections

 .group         0x0000000000000000        0x8 /usr/local/i386elfgcc/lib/gcc/i386-elf/12.2.0/crt0.o
 .group         0x0000000000000000        0x8 /usr/local/i386elfgcc/lib/gcc/i386-elf/12.2.0/crt0.o

Memory Configuration

Name             Origin             Length             Attributes
*default*        0x0000000000000000 0xffffffffffffffff

Linker script and memory map

LOAD /usr/local/i386elfgcc/lib/gcc/i386-elf/12.2.0/crt0.o
LOAD /usr/local/i386elfgcc/lib/gcc/i386-elf/12.2.0/crtbegin.o
                0x0000000000001000                . = 0x1000

.text           0x0000000000001000     0x2129
 *(.text)
 .text          0x0000000000001000      0x147 /usr/local/i386elfgcc/lib/gcc/i386-elf/12.2.0/crt0.o
                0x0000000000001000                _start
                0x0000000000001010                _init_array
                0x00000000000010d1                _fini_array
 *fill*         0x0000000000001147        0x1 
 .text          0x0000000000001148      0x101 /usr/local/i386elfgcc/lib/gcc/i386-elf/12.2.0/crtbegin.o
 *fill*         0x0000000000001249        0x7 
 .text          0x0000000000001250        0x7 build/kernel_entry.o
 .text          0x0000000000001257       0x6a build/kernel.o
                0x0000000000001257                _Z17trigger_exceptionv
                0x000000000000125d                _Z11init_kernelv
                0x000000000000127e                main
 .text          0x00000000000012c1      0x36b build/screen.o
                0x00000000000012c1                _Z12screen_clearh
                0x000000000000130f                _Z11screen_swapv
                0x0000000000001368                _Z10draw_pixeltth
                0x00000000000013d6                _Z19draw_palette_testerv
                0x0000000000001441                _Z11screen_initv
                0x0000000000001514                _Z13monitor_writePKctth
                0x00000000000015d6                _Z13scroll_screenv
 .text          0x000000000000162c      0x493 build/keyboard.o
                0x000000000000162c                _Z12print_letterh
                0x0000000000001aa4                _Z13init_keyboardv
 .text          0x0000000000001abf      0x39a build/util.o
                0x0000000000001abf                _Z4outbth
                0x0000000000001ade                _Z3inbt
                0x0000000000001af9                _Z6memsetPvhj
                0x0000000000001b30                _Z6memcpyPvPKvj
                0x0000000000001b6f                _Z7memmovePvS_j
                0x0000000000001c08                _Z11memory_copyPcS_i
                0x0000000000001c3a                _Z6strcpyPcPKc
                0x0000000000001c7e                _Z6strlenPKc
                0x0000000000001c9e                _Z7reversePci
                0x0000000000001cf4                _Z9to_stringjb
                0x0000000000001e08                _Z8to_asciii
                0x0000000000001e21                _Z12vector2f_newff
                0x0000000000001e3d                _Z12vector2u_newjj
 *fill*         0x0000000000001e59        0x1 
 .text          0x0000000000001e5a      0x308 build/Font.o
                0x0000000000001e5a                _Z7setCharhtth
                0x0000000000001f0a                _ZN4FontC1Ev
                0x0000000000001f0a                _ZN4FontC2Ev
                0x0000000000001f3a                _ZN4FontD2Ev
                0x0000000000001f3a                _ZN4FontD1Ev
                0x0000000000001f40                _ZN4Font11setPositionEtt
                0x0000000000001f80                _ZN4Font8setColorEh
                0x0000000000001f98                _ZN4Font7setCharEh
                0x000000000000203c                _ZN4Font9setStringEPKc
                0x000000000000205a                _ZN4Font4drawEv
                0x00000000000020d4                _ZN4Font9setOriginEtt
                0x000000000000210e                _ZNK4Font14getLocalBoundsEv
 .text          0x0000000000002162       0x8b build/system.o
                0x0000000000002162                _Z5panicPKc
 .text          0x00000000000021ed      0x190 build/timer.o
                0x00000000000021ed                _Z11print_ticksv
                0x000000000000224d                _Z14timer_callback9registers
                0x000000000000226f                _Z9timer_getv
                0x000000000000227f                _Z5sleepy
                0x00000000000022d3                _Z10timer_initj
 .text          0x000000000000237d       0xa0 build/idt.o
                0x000000000000237d                _Z12idt_set_gatehjth
                0x00000000000023f2                _Z8idt_initv
 .text          0x000000000000241d      0x819 build/isr.o
                0x000000000000241d                _Z8isr_initv
                0x0000000000002b22                _Z11isr_installhPFv9registersE
                0x0000000000002b41                _Z17exception_handler9registers
                0x0000000000002b5e                isr_handler
                0x0000000000002b8b                _Z7sendEOI9registers
                0x0000000000002bc6                irq_handler
 .text          0x0000000000002c36       0xd3 build/pic.o
                0x0000000000002c36                _Z9pic_remapv
 *fill*         0x0000000000002d09        0x1 
 .text          0x0000000000002d0a       0x88 build/Game.o
                0x0000000000002d0a                _ZN4GameC2Ev
                0x0000000000002d0a                _ZN4GameC1Ev
                0x0000000000002d10                _ZN4Game4InitEv
                0x0000000000002d26                _ZN4Game3RunEv
 *fill*         0x0000000000002d92        0xe 
 .text          0x0000000000002da0        0x8 build/idt_asm.o
                0x0000000000002da0                idt_flush
 *fill*         0x0000000000002da8        0x8 
 .text          0x0000000000002db0      0x1c0 build/isr_asm.o
                0x0000000000002db0                isr0
                0x0000000000002dba                isr1
                0x0000000000002dc4                isr2
                0x0000000000002dce                isr3
                0x0000000000002dd8                isr4
                0x0000000000002de2                isr5
                0x0000000000002dec                isr6
                0x0000000000002df6                isr7
                0x0000000000002e00                isr8
                0x0000000000002e08                isr9
                0x0000000000002e12                isr10
                0x0000000000002e1a                isr11
                0x0000000000002e22                isr12
                0x0000000000002e2a                isr13
                0x0000000000002e32                isr14
                0x0000000000002e3a                isr15
                0x0000000000002e44                isr16
                0x0000000000002e4e                isr17
                0x0000000000002e58                isr18
                0x0000000000002e62                isr19
                0x0000000000002e6c                isr20
                0x0000000000002e76                isr21
                0x0000000000002e80                isr22
                0x0000000000002e8a                isr23
                0x0000000000002e94                isr24
                0x0000000000002e9e                isr25
                0x0000000000002ea8                isr26
                0x0000000000002eb2                isr27
                0x0000000000002ebc                isr28
                0x0000000000002ec6                isr29
                0x0000000000002ecd                isr30
                0x0000000000002ed4                isr31
                0x0000000000002edb                isr32
                0x0000000000002ee2                isr33
                0x0000000000002ee9                isr34
                0x0000000000002ef0                isr35
                0x0000000000002ef7                isr36
                0x0000000000002efe                isr37
                0x0000000000002f05                isr38
                0x0000000000002f0c                isr39
                0x0000000000002f13                isr40
                0x0000000000002f1a                isr41
                0x0000000000002f21                isr42
                0x0000000000002f28                isr43
                0x0000000000002f2f                isr44
                0x0000000000002f36                isr45
                0x0000000000002f3d                isr46
                0x0000000000002f44                isr47
 .text          0x0000000000002f70       0x84 build/irq_asm.o
                0x0000000000002f70                irq0
                0x0000000000002f76                irq1
                0x0000000000002f7c                irq2
                0x0000000000002f82                irq3
                0x0000000000002f88                irq4
                0x0000000000002f8e                irq5
                0x0000000000002f94                irq6
                0x0000000000002f9a                irq7
                0x0000000000002fa0                irq8
                0x0000000000002fa6                irq9
                0x0000000000002fac                irq10
                0x0000000000002fb2                irq11
                0x0000000000002fb8                irq12
                0x0000000000002fbe                irq13
                0x0000000000002fc4                irq14
                0x0000000000002fca                irq15
 .text          0x0000000000002ff4      0x10b /usr/local/i386elfgcc/lib/gcc/i386-elf/12.2.0/libgcc.a(_udivdi3.o)
                0x0000000000002ff4                __udivdi3
 *fill*         0x00000000000030ff        0x1 
 .text          0x0000000000003100       0x29 /usr/local/i386elfgcc/lib/gcc/i386-elf/12.2.0/crtend.o

.text.__x86.get_pc_thunk.ax
                0x0000000000003129        0x4
 .text.__x86.get_pc_thunk.ax
                0x0000000000003129        0x4 /usr/local/i386elfgcc/lib/gcc/i386-elf/12.2.0/crt0.o
                0x0000000000003129                __x86.get_pc_thunk.ax

.text.__x86.get_pc_thunk.bx
                0x000000000000312d        0x4
 .text.__x86.get_pc_thunk.bx
                0x000000000000312d        0x4 /usr/local/i386elfgcc/lib/gcc/i386-elf/12.2.0/crt0.o
                0x000000000000312d                __x86.get_pc_thunk.bx

.iplt           0x0000000000003131        0x0
 .iplt          0x0000000000003131        0x0 /usr/local/i386elfgcc/lib/gcc/i386-elf/12.2.0/crt0.o

.fini           0x0000000000003131        0x5
 .fini          0x0000000000003131        0x5 /usr/local/i386elfgcc/lib/gcc/i386-elf/12.2.0/crtbegin.o

.init           0x0000000000003136        0xa
 .init          0x0000000000003136        0x5 /usr/local/i386elfgcc/lib/gcc/i386-elf/12.2.0/crtbegin.o
 .init          0x000000000000313b        0x5 /usr/local/i386elfgcc/lib/gcc/i386-elf/12.2.0/crtend.o

.data           0x0000000000004000       0xa0
 *(.data)
 .data          0x0000000000004000        0x0 /usr/local/i386elfgcc/lib/gcc/i386-elf/12.2.0/crt0.o
 .data          0x0000000000004000        0x4 /usr/local/i386elfgcc/lib/gcc/i386-elf/12.2.0/crtbegin.o
                0x0000000000004000                __dso_handle
 .data          0x0000000000004004        0x0 build/kernel.o
 .data          0x0000000000004004        0x4 build/screen.o
 .data          0x0000000000004008        0x0 build/keyboard.o
 .data          0x0000000000004008        0x0 build/util.o
 .data          0x0000000000004008        0x0 build/Font.o
 .data          0x0000000000004008        0x0 build/system.o
 .data          0x0000000000004008        0x0 build/timer.o
 .data          0x0000000000004008        0x0 build/idt.o
 *fill*         0x0000000000004008       0x18 
 .data          0x0000000000004020       0x80 build/isr.o
                0x0000000000004020                exceptions
 .data          0x00000000000040a0        0x0 build/pic.o
 .data          0x00000000000040a0        0x0 build/Game.o
 .data          0x00000000000040a0        0x0 /usr/local/i386elfgcc/lib/gcc/i386-elf/12.2.0/libgcc.a(_udivdi3.o)
 .data          0x00000000000040a0        0x0 /usr/local/i386elfgcc/lib/gcc/i386-elf/12.2.0/crtend.o

.got            0x00000000000040a0        0x0
 .got           0x00000000000040a0        0x0 /usr/local/i386elfgcc/lib/gcc/i386-elf/12.2.0/crt0.o

.got.plt        0x00000000000040a0        0xc
 .got.plt       0x00000000000040a0        0xc /usr/local/i386elfgcc/lib/gcc/i386-elf/12.2.0/crt0.o
                0x00000000000040a0                _GLOBAL_OFFSET_TABLE_

.igot.plt       0x00000000000040ac        0x0
 .igot.plt      0x00000000000040ac        0x0 /usr/local/i386elfgcc/lib/gcc/i386-elf/12.2.0/crt0.o

.ctors          0x00000000000040ac        0x8
 .ctors         0x00000000000040ac        0x4 /usr/local/i386elfgcc/lib/gcc/i386-elf/12.2.0/crtbegin.o
 .ctors         0x00000000000040b0        0x4 /usr/local/i386elfgcc/lib/gcc/i386-elf/12.2.0/crtend.o

.dtors          0x00000000000040b4        0x8
 .dtors         0x00000000000040b4        0x4 /usr/local/i386elfgcc/lib/gcc/i386-elf/12.2.0/crtbegin.o
 .dtors         0x00000000000040b8        0x4 /usr/local/i386elfgcc/lib/gcc/i386-elf/12.2.0/crtend.o
                0x00000000000040b8                __DTOR_END__

.tm_clone_table
                0x00000000000040bc        0x0
 .tm_clone_table
                0x00000000000040bc        0x0 /usr/local/i386elfgcc/lib/gcc/i386-elf/12.2.0/crtbegin.o
 .tm_clone_table
                0x00000000000040bc        0x0 /usr/local/i386elfgcc/lib/gcc/i386-elf/12.2.0/crtend.o

.rodata         0x0000000000005000      0x78c
 *(.rodata)
 .rodata        0x0000000000005000      0x1b3 build/keyboard.o
 .rodata        0x00000000000051b3       0x11 build/util.o
 *fill*         0x00000000000051c4       0x1c 
 .rodata        0x00000000000051e0      0x400 build/Font.o
 .rodata        0x00000000000055e0        0x9 build/timer.o
 .rodata        0x00000000000055e9      0x196 build/isr.o
 *fill*         0x000000000000577f        0x1 
 .rodata        0x0000000000005780        0xc build/Game.o

.eh_frame       0x000000000000578c      0x808
 .eh_frame      0x000000000000578c       0xa8 /usr/local/i386elfgcc/lib/gcc/i386-elf/12.2.0/crt0.o
 .eh_frame      0x0000000000005834        0x0 /usr/local/i386elfgcc/lib/gcc/i386-elf/12.2.0/crtbegin.o
 .eh_frame      0x0000000000005834       0x64 build/kernel.o
                                         0x7c (size before relaxing)
 .eh_frame      0x0000000000005898       0xe4 build/screen.o
                                         0xfc (size before relaxing)
 .eh_frame      0x000000000000597c       0x60 build/keyboard.o
                                         0x78 (size before relaxing)
 .eh_frame      0x00000000000059dc      0x1a4 build/util.o
                                        0x1bc (size before relaxing)
 .eh_frame      0x0000000000005b80      0x148 build/Font.o
                                        0x160 (size before relaxing)
 .eh_frame      0x0000000000005cc8       0x44 build/system.o
 .eh_frame      0x0000000000005d0c       0xa4 build/timer.o
                                         0xbc (size before relaxing)
 .eh_frame      0x0000000000005db0       0x44 build/idt.o
                                         0x5c (size before relaxing)
 .eh_frame      0x0000000000005df4       0xcc build/isr.o
                                         0xe4 (size before relaxing)
 .eh_frame      0x0000000000005ec0       0x24 build/pic.o
                                         0x3c (size before relaxing)
 .eh_frame      0x0000000000005ee4       0x60 build/Game.o
                                         0x78 (size before relaxing)
 .eh_frame      0x0000000000005f44       0x4c /usr/local/i386elfgcc/lib/gcc/i386-elf/12.2.0/libgcc.a(_udivdi3.o)
                                         0x64 (size before relaxing)
 .eh_frame      0x0000000000005f90        0x4 /usr/local/i386elfgcc/lib/gcc/i386-elf/12.2.0/crtend.o

.gcc_except_table
                0x0000000000005f94       0x11
 .gcc_except_table
                0x0000000000005f94       0x11 build/system.o

.rel.dyn        0x0000000000005fa8        0x0
 .rel.got       0x0000000000005fa8        0x0 /usr/local/i386elfgcc/lib/gcc/i386-elf/12.2.0/crt0.o
 .rel.iplt      0x0000000000005fa8        0x0 /usr/local/i386elfgcc/lib/gcc/i386-elf/12.2.0/crt0.o
 .rel.text      0x0000000000005fa8        0x0 /usr/local/i386elfgcc/lib/gcc/i386-elf/12.2.0/crt0.o

.bss            0x0000000000006000    0x30b68
 *(COMMON)
 *(.bss)
 .bss           0x0000000000006000        0x0 /usr/local/i386elfgcc/lib/gcc/i386-elf/12.2.0/crt0.o
 .bss           0x0000000000006000       0x20 /usr/local/i386elfgcc/lib/gcc/i386-elf/12.2.0/crtbegin.o
 .bss           0x0000000000006020       0x1c build/kernel.o
                0x0000000000006020                __gxx_personality_v0
                0x0000000000006024                _Unwind_Resume
 *fill*         0x000000000000603c        0x4 
 .bss           0x0000000000006040    0x2ee38 build/screen.o
                0x0000000000006040                buffers
                0x0000000000025440                back
                0x0000000000025460                screen_buffer
                0x0000000000034e60                current_line
                0x0000000000034e62                current_c
 .bss           0x0000000000034e78       0x18 build/keyboard.o
                0x0000000000034e78                keycode
 *fill*         0x0000000000034e90       0x10 
 .bss           0x0000000000034ea0       0x3a build/util.o
 *fill*         0x0000000000034eda        0x2 
 .bss           0x0000000000034edc       0x14 build/Font.o
 .bss           0x0000000000034ef0       0x14 build/system.o
 .bss           0x0000000000034f04       0x14 build/timer.o
 *fill*         0x0000000000034f18        0x8 
 .bss           0x0000000000034f20      0x806 build/idt.o
 *fill*         0x0000000000035726       0x1a 
 .bss           0x0000000000035740      0x414 build/isr.o
                0x0000000000035740                handlers
 .bss           0x0000000000035b54        0x0 build/pic.o
 .bss           0x0000000000035b54       0x14 build/Game.o
 .bss           0x0000000000035b68     0x1000 build/isr_asm.o
 .bss           0x0000000000036b68        0x0 /usr/local/i386elfgcc/lib/gcc/i386-elf/12.2.0/libgcc.a(_udivdi3.o)
 .bss           0x0000000000036b68        0x0 /usr/local/i386elfgcc/lib/gcc/i386-elf/12.2.0/crtend.o
LOAD build/kernel_entry.o
LOAD build/kernel.o
LOAD build/screen.o
LOAD build/keyboard.o
LOAD build/util.o
LOAD build/Font.o
LOAD build/system.o
LOAD build/timer.o
LOAD build/idt.o
LOAD build/isr.o
LOAD build/pic.o
LOAD build/Game.o
LOAD build/idt_asm.o
LOAD build/isr_asm.o
LOAD build/irq_asm.o
LOAD /usr/local/i386elfgcc/lib/gcc/i386-elf/12.2.0/libgcc.a
LOAD /usr/local/i386elfgcc/lib/gcc/i386-elf/12.2.0/libgcc.a
LOAD /usr/local/i386elfgcc/lib/gcc/i386-elf/12.2.0/libg.a
LOAD /usr/local/i386elfgcc/lib/gcc/i386-elf/12.2.0/libc.a
LOAD /usr/local/i386elfgcc/lib/gcc/i386-elf/12.2.0/libgcc.a
LOAD /usr/local/i386elfgcc/lib/gcc/i386-elf/12.2.0/crtend.o
OUTPUT(build/full_kernel.bin elf32-i386)

.comment        0x0000000000000000       0x3d
 .comment       0x0000000000000000       0x2b /usr/local/i386elfgcc/lib/gcc/i386-elf/12.2.0/crt0.o
                                         0x2c (size before relaxing)
 .comment       0x000000000000002b       0x12 /usr/local/i386elfgcc/lib/gcc/i386-elf/12.2.0/crtbegin.o
                                         0x13 (size before relaxing)
 .comment       0x000000000000003d       0x13 build/kernel.o
 .comment       0x000000000000003d       0x13 build/screen.o
 .comment       0x000000000000003d       0x13 build/keyboard.o
 .comment       0x000000000000003d       0x13 build/util.o
 .comment       0x000000000000003d       0x13 build/Font.o
 .comment       0x000000000000003d       0x13 build/system.o
 .comment       0x000000000000003d       0x13 build/timer.o
 .comment       0x000000000000003d       0x13 build/idt.o
 .comment       0x000000000000003d       0x13 build/isr.o
 .comment       0x000000000000003d       0x13 build/pic.o
 .comment       0x000000000000003d       0x13 build/Game.o
 .comment       0x000000000000003d       0x13 /usr/local/i386elfgcc/lib/gcc/i386-elf/12.2.0/libgcc.a(_udivdi3.o)
 .comment       0x000000000000003d       0x13 /usr/local/i386elfgcc/lib/gcc/i386-elf/12.2.0/crtend.o

.note.GNU-stack
                0x0000000000000000        0x0
 .note.GNU-stack
                0x0000000000000000        0x0 /usr/local/i386elfgcc/lib/gcc/i386-elf/12.2.0/crt0.o

.debug_info     0x0000000000000000     0x2622
 .debug_info    0x0000000000000000      0x19d build/kernel.o
 .debug_info    0x000000000000019d      0x3b1 build/screen.o
 .debug_info    0x000000000000054e      0x2e5 build/keyboard.o
 .debug_info    0x0000000000000833      0x5b4 build/util.o
 .debug_info    0x0000000000000de7      0x612 build/Font.o
 .debug_info    0x00000000000013f9      0x31c build/system.o
 .debug_info    0x0000000000001715      0x334 build/timer.o
 .debug_info    0x0000000000001a49      0x1bb build/idt.o
 .debug_info    0x0000000000001c04      0x497 build/isr.o
 .debug_info    0x000000000000209b       0x7b build/pic.o
 .debug_info    0x0000000000002116      0x1d6 build/Game.o
 .debug_info    0x00000000000022ec      0x336 /usr/local/i386elfgcc/lib/gcc/i386-elf/12.2.0/libgcc.a(_udivdi3.o)

.debug_abbrev   0x0000000000000000     0x101f
 .debug_abbrev  0x0000000000000000      0x103 build/kernel.o
 .debug_abbrev  0x0000000000000103      0x1ab build/screen.o
 .debug_abbrev  0x00000000000002ae      0x16f build/keyboard.o
 .debug_abbrev  0x000000000000041d      0x182 build/util.o
 .debug_abbrev  0x000000000000059f      0x212 build/Font.o
 .debug_abbrev  0x00000000000007b1      0x179 build/system.o
 .debug_abbrev  0x000000000000092a      0x169 build/timer.o
 .debug_abbrev  0x0000000000000a93       0xf4 build/idt.o
 .debug_abbrev  0x0000000000000b87      0x1a7 build/isr.o
 .debug_abbrev  0x0000000000000d2e       0x54 build/pic.o
 .debug_abbrev  0x0000000000000d82      0x13f build/Game.o
 .debug_abbrev  0x0000000000000ec1      0x15e /usr/local/i386elfgcc/lib/gcc/i386-elf/12.2.0/libgcc.a(_udivdi3.o)

.debug_aranges  0x0000000000000000      0x180
 .debug_aranges
                0x0000000000000000       0x20 build/kernel.o
 .debug_aranges
                0x0000000000000020       0x20 build/screen.o
 .debug_aranges
                0x0000000000000040       0x20 build/keyboard.o
 .debug_aranges
                0x0000000000000060       0x20 build/util.o
 .debug_aranges
                0x0000000000000080       0x20 build/Font.o
 .debug_aranges
                0x00000000000000a0       0x20 build/system.o
 .debug_aranges
                0x00000000000000c0       0x20 build/timer.o
 .debug_aranges
                0x00000000000000e0       0x20 build/idt.o
 .debug_aranges
                0x0000000000000100       0x20 build/isr.o
 .debug_aranges
                0x0000000000000120       0x20 build/pic.o
 .debug_aranges
                0x0000000000000140       0x20 build/Game.o
 .debug_aranges
                0x0000000000000160       0x20 /usr/local/i386elfgcc/lib/gcc/i386-elf/12.2.0/libgcc.a(_udivdi3.o)

.debug_line     0x0000000000000000      0xe12
 .debug_line    0x0000000000000000       0x94 build/kernel.o
 .debug_line    0x0000000000000094      0x19b build/screen.o
 .debug_line    0x000000000000022f      0x20d build/keyboard.o
 .debug_line    0x000000000000043c      0x288 build/util.o
 .debug_line    0x00000000000006c4      0x1aa build/Font.o
 .debug_line    0x000000000000086e       0x7e build/system.o
 .debug_line    0x00000000000008ec       0xe2 build/timer.o
 .debug_line    0x00000000000009ce       0x87 build/idt.o
 .debug_line    0x0000000000000a55      0x156 build/isr.o
 .debug_line    0x0000000000000bab       0x6d build/pic.o
 .debug_line    0x0000000000000c18       0x88 build/Game.o
 .debug_line    0x0000000000000ca0      0x172 /usr/local/i386elfgcc/lib/gcc/i386-elf/12.2.0/libgcc.a(_udivdi3.o)

.debug_str      0x0000000000000000      0xb71
 .debug_str     0x0000000000000000      0x1e8 build/kernel.o
                                        0x218 (size before relaxing)
 .debug_str     0x00000000000001e8      0x132 build/screen.o
                                        0x28e (size before relaxing)
 .debug_str     0x000000000000031a       0xca build/keyboard.o
                                        0x203 (size before relaxing)
 .debug_str     0x00000000000003e4      0x167 build/util.o
                                        0x293 (size before relaxing)
 .debug_str     0x000000000000054b      0x145 build/Font.o
                                        0x29c (size before relaxing)
 .debug_str     0x0000000000000690       0x3b build/system.o
                                        0x27e (size before relaxing)
 .debug_str     0x00000000000006cb       0x75 build/timer.o
                                        0x24f (size before relaxing)
 .debug_str     0x0000000000000740       0xfd build/idt.o
                                        0x17f (size before relaxing)
 .debug_str     0x000000000000083d      0x19f build/isr.o
                                        0x357 (size before relaxing)
 .debug_str     0x00000000000009dc       0xad build/pic.o
 .debug_str     0x00000000000009dc       0x62 build/Game.o
                                        0x151 (size before relaxing)
 .debug_str     0x0000000000000a3e      0x133 /usr/local/i386elfgcc/lib/gcc/i386-elf/12.2.0/libgcc.a(_udivdi3.o)
                                        0x1da (size before relaxing)

.debug_line_str
                0x0000000000000000      0x290
 .debug_line_str
                0x0000000000000000       0xb2 build/kernel.o
                                         0xf8 (size before relaxing)
 .debug_line_str
                0x00000000000000b2       0x40 build/screen.o
                                         0xcd (size before relaxing)
 .debug_line_str
                0x00000000000000f2       0x19 build/keyboard.o
                                         0xdb (size before relaxing)
 .debug_line_str
                0x000000000000010b       0x14 build/util.o
                                         0xa0 (size before relaxing)
 .debug_line_str
                0x000000000000011f       0x14 build/Font.o
                                         0xce (size before relaxing)
 .debug_line_str
                0x0000000000000133       0x16 build/system.o
                                         0xd4 (size before relaxing)
 .debug_line_str
                0x0000000000000149       0x37 build/timer.o
                                         0xf3 (size before relaxing)
 .debug_line_str
                0x0000000000000180       0x19 build/idt.o
                                         0xa3 (size before relaxing)
 .debug_line_str
                0x0000000000000199       0x22 build/isr.o
                                         0xd6 (size before relaxing)
 .debug_line_str
                0x00000000000001bb       0x14 build/pic.o
                                         0xb5 (size before relaxing)
 .debug_line_str
                0x00000000000001cf       0x54 build/Game.o
                                         0xdd (size before relaxing)
 .debug_line_str
                0x0000000000000223       0x6d /usr/local/i386elfgcc/lib/gcc/i386-elf/12.2.0/libgcc.a(_udivdi3.o)
                                         0xa4 (size before relaxing)

.debug_rnglists
                0x0000000000000000       0x3b
 .debug_rnglists
                0x0000000000000000       0x14 build/system.o
 .debug_rnglists
                0x0000000000000014       0x27 /usr/local/i386elfgcc/lib/gcc/i386-elf/12.2.0/libgcc.a(_udivdi3.o)

.debug_loclists
                0x0000000000000000      0x556
 .debug_loclists
                0x0000000000000000      0x556 /usr/local/i386elfgcc/lib/gcc/i386-elf/12.2.0/libgcc.a(_udivdi3.o)
